{
  "version": "1.5.0",
  "plugins_used": [
    {
      "name": "ArtifactoryDetector"
    },
    {
      "name": "AWSKeyDetector"
    },
    {
      "name": "AzureStorageKeyDetector"
    },
    {
      "name": "Base64HighEntropyString",
      "limit": 4.5
    },
    {
      "name": "BasicAuthDetector"
    },
    {
      "name": "CloudantDetector"
    },
    {
      "name": "DiscordBotTokenDetector"
    },
    {
      "name": "GitHubTokenDetector"
    },
    {
      "name": "GitLabTokenDetector"
    },
    {
      "name": "HexHighEntropyString",
      "limit": 3.0
    },
    {
      "name": "IbmCloudIamDetector"
    },
    {
      "name": "IbmCosHmacDetector"
    },
    {
      "name": "IPPublicDetector"
    },
    {
      "name": "JwtTokenDetector"
    },
    {
      "name": "KeywordDetector",
      "keyword_exclude": ""
    },
    {
      "name": "MailchimpDetector"
    },
    {
      "name": "NpmDetector"
    },
    {
      "name": "OpenAIDetector"
    },
    {
      "name": "PrivateKeyDetector"
    },
    {
      "name": "PypiTokenDetector"
    },
    {
      "name": "SendGridDetector"
    },
    {
      "name": "SlackDetector"
    },
    {
      "name": "SoftlayerDetector"
    },
    {
      "name": "SquareOAuthDetector"
    },
    {
      "name": "StripeDetector"
    },
    {
      "name": "TelegramBotTokenDetector"
    },
    {
      "name": "TwilioKeyDetector"
    }
  ],
  "filters_used": [
    {
      "path": "detect_secrets.filters.allowlist.is_line_allowlisted"
    },
    {
      "path": "detect_secrets.filters.common.is_ignored_due_to_verification_policies",
      "min_level": 2
    },
    {
      "path": "detect_secrets.filters.heuristic.is_indirect_reference"
    },
    {
      "path": "detect_secrets.filters.heuristic.is_likely_id_string"
    },
    {
      "path": "detect_secrets.filters.heuristic.is_lock_file"
    },
    {
      "path": "detect_secrets.filters.heuristic.is_not_alphanumeric_string"
    },
    {
      "path": "detect_secrets.filters.heuristic.is_potential_uuid"
    },
    {
      "path": "detect_secrets.filters.heuristic.is_prefixed_with_dollar_sign"
    },
    {
      "path": "detect_secrets.filters.heuristic.is_sequential_string"
    },
    {
      "path": "detect_secrets.filters.heuristic.is_swagger_file"
    },
    {
      "path": "detect_secrets.filters.heuristic.is_templated_secret"
    },
    {
      "path": "detect_secrets.filters.regex.should_exclude_file",
      "pattern": [
        "\\.env\\.example$"
      ]
    }
  ],
  "results": {
    ".github/workflows/ci.yml": [
      {
        "type": "Basic Auth Credentials",
        "filename": ".github/workflows/ci.yml",
        "hashed_secret": "a94a8fe5ccb19ba61c4c0873d391e987982fbbd3",
        "is_verified": false,
        "line_number": 117
      },
      {
        "type": "Secret Keyword",
        "filename": ".github/workflows/ci.yml",
        "hashed_secret": "276ce00016fd1d42386bdf330c3c0259feaff77e",
        "is_verified": false,
        "line_number": 118
      }
    ],
    "DOCKERHUB_README.md": [
      {
        "type": "Basic Auth Credentials",
        "filename": "DOCKERHUB_README.md",
        "hashed_secret": "9d4e1e23bd5b727046a9e3b4b7db57bd8d6ee684",
        "is_verified": false,
        "line_number": 13
      },
      {
        "type": "Secret Keyword",
        "filename": "DOCKERHUB_README.md",
        "hashed_secret": "c9f96d7bde5e713e1b18d1db3e6d5d3cd92493ee",
        "is_verified": false,
        "line_number": 14
      },
      {
        "type": "Basic Auth Credentials",
        "filename": "DOCKERHUB_README.md",
        "hashed_secret": "b48cf0140bea12734db05ebcdb012f1d265bed84",
        "is_verified": false,
        "line_number": 47
      }
    ],
    "README.md": [
      {
        "type": "Basic Auth Credentials",
        "filename": "README.md",
        "hashed_secret": "9d4e1e23bd5b727046a9e3b4b7db57bd8d6ee684",
        "is_verified": false,
        "line_number": 122
      }
    ],
    "docs/runbooks/restore-postgres.md": [
      {
        "type": "Basic Auth Credentials",
        "filename": "docs/runbooks/restore-postgres.md",
        "hashed_secret": "749fa930bfc3895be8b528c329509d1a2e630e6c",
        "is_verified": false,
        "line_number": 91
      }
    ],
    "infrastructure/keycloak/realm-export-dev.json": [
      {
        "type": "Secret Keyword",
        "filename": "infrastructure/keycloak/realm-export-dev.json",
        "hashed_secret": "4a80929ea999988bb245f8a2ebeef28fb5aa8926",
        "is_verified": false,
        "line_number": 14
      },
      {
        "type": "Secret Keyword",
        "filename": "infrastructure/keycloak/realm-export-dev.json",
        "hashed_secret": "74ed56178d4b19f5f0ba662df282ec887134ab58",
        "is_verified": false,
        "line_number": 88
      }
    ],
    "infrastructure/keycloak/realm-export-prod.json": [
      {
        "type": "Secret Keyword",
        "filename": "infrastructure/keycloak/realm-export-prod.json",
        "hashed_secret": "c93cdc97f654a243330b83eeaac20aabf26ee042",
        "is_verified": false,
        "line_number": 14
      },
      {
        "type": "Secret Keyword",
        "filename": "infrastructure/keycloak/realm-export-prod.json",
        "hashed_secret": "d61025e0ff3e175fdbbed350628565c19ebc1615",
        "is_verified": false,
        "line_number": 90
      }
    ],
    "postman/fixmytext.postman_collection.json": [
      {
        "type": "Base64 High Entropy String",
        "filename": "postman/fixmytext.postman_collection.json",
        "hashed_secret": "b3309c41dacd29b2cb6ae2e197fbde9085be0e4d",
        "is_verified": false,
        "line_number": 881
      }
    ],
    "scripts/backup-postgres.sh": [
      {
        "type": "Basic Auth Credentials",
        "filename": "scripts/backup-postgres.sh",
        "hashed_secret": "9d4e1e23bd5b727046a9e3b4b7db57bd8d6ee684",
        "is_verified": false,
        "line_number": 9
      }
    ],
    "services/account-svc/migrations/env.py": [
      {
        "type": "Basic Auth Credentials",
        "filename": "services/account-svc/migrations/env.py",
        "hashed_secret": "911519f78e582772dee8256fa7e8d52c00c534a8",
        "is_verified": false,
        "line_number": 38
      }
    ],
    "services/account-svc/tests/conftest.py": [
      {
        "type": "Basic Auth Credentials",
        "filename": "services/account-svc/tests/conftest.py",
        "hashed_secret": "a94a8fe5ccb19ba61c4c0873d391e987982fbbd3",
        "is_verified": false,
        "line_number": 10
      }
    ],
    "services/account-svc/tests/test_backchannel_logout.py": [
      {
        "type": "Secret Keyword",
        "filename": "services/account-svc/tests/test_backchannel_logout.py",
        "hashed_secret": "fce78dfb1243d2209b8067850116bc2a7e4470fc",
        "is_verified": false,
        "line_number": 34
      }
    ],
    "services/account-svc/tests/test_keycloak_admin.py": [
      {
        "type": "Secret Keyword",
        "filename": "services/account-svc/tests/test_keycloak_admin.py",
        "hashed_secret": "9d4e1e23bd5b727046a9e3b4b7db57bd8d6ee684",
        "is_verified": false,
        "line_number": 170
      }
    ],
    "services/account-svc/tests/test_session_cookie_leeway.py": [
      {
        "type": "Secret Keyword",
        "filename": "services/account-svc/tests/test_session_cookie_leeway.py",
        "hashed_secret": "609a5fb3e9e7df743ed636843c3cc80ee42530be",
        "is_verified": false,
        "line_number": 13
      }
    ],
    "services/account-svc/tests/test_session_cookies.py": [
      {
        "type": "Secret Keyword",
        "filename": "services/account-svc/tests/test_session_cookies.py",
        "hashed_secret": "609a5fb3e9e7df743ed636843c3cc80ee42530be",
        "is_verified": false,
        "line_number": 22
      }
    ],
    "services/payments-svc/migrations/env.py": [
      {
        "type": "Basic Auth Credentials",
        "filename": "services/payments-svc/migrations/env.py",
        "hashed_secret": "911519f78e582772dee8256fa7e8d52c00c534a8",
        "is_verified": false,
        "line_number": 38
      }
    ],
    "services/payments-svc/tests/conftest.py": [
      {
        "type": "Basic Auth Credentials",
        "filename": "services/payments-svc/tests/conftest.py",
        "hashed_secret": "a94a8fe5ccb19ba61c4c0873d391e987982fbbd3",
        "is_verified": false,
        "line_number": 10
      }
    ],
    "services/payments-svc/tests/test_fulfillment.py": [
      {
        "type": "Basic Auth Credentials",
        "filename": "services/payments-svc/tests/test_fulfillment.py",
        "hashed_secret": "afc848c316af1a89d49826c5ae9d00ed769415f3",
        "is_verified": false,
        "line_number": 10
      }
    ],
    "services/payments-svc/tests/test_internal_auth.py": [
      {
        "type": "Secret Keyword",
        "filename": "services/payments-svc/tests/test_internal_auth.py",
        "hashed_secret": "fef341f85d87439e7d91a2d465b9871ef66b5e98",
        "is_verified": false,
        "line_number": 19
      },
      {
        "type": "Secret Keyword",
        "filename": "services/payments-svc/tests/test_internal_auth.py",
        "hashed_secret": "76272dc4faf660733711f58c736830d27159fb55",
        "is_verified": false,
        "line_number": 25
      }
    ],
    "services/payments-svc/tests/test_internal_gate.py": [
      {
        "type": "Secret Keyword",
        "filename": "services/payments-svc/tests/test_internal_gate.py",
        "hashed_secret": "32a4571429ee8a3693113394c7056cf0592dfcb1",
        "is_verified": false,
        "line_number": 17
      }
    ],
    "services/payments-svc/tests/test_passes_endpoints_more.py": [
      {
        "type": "Hex High Entropy String",
        "filename": "services/payments-svc/tests/test_passes_endpoints_more.py",
        "hashed_secret": "32a004d446a513fb473fc2eb35dbdfd0e63bb74b",
        "is_verified": false,
        "line_number": 557
      }
    ],
    "services/payments-svc/tests/test_payments_endpoints.py": [
      {
        "type": "Secret Keyword",
        "filename": "services/payments-svc/tests/test_payments_endpoints.py",
        "hashed_secret": "fe1bae27cb7c1fb823f496f286e78f1d2ae87734",
        "is_verified": false,
        "line_number": 112
      }
    ],
    "services/payments-svc/tests/test_subscription_webhook_flow.py": [
      {
        "type": "Secret Keyword",
        "filename": "services/payments-svc/tests/test_subscription_webhook_flow.py",
        "hashed_secret": "e3694c1417723ec08d5b724fd101b28c5611ebd1",
        "is_verified": false,
        "line_number": 29
      }
    ],
    "services/text-svc/app/services/text_service.py": [
      {
        "type": "Base64 High Entropy String",
        "filename": "services/text-svc/app/services/text_service.py",
        "hashed_secret": "189ce6be490724693489d0ae90c5fffcf9b594ad",
        "is_verified": false,
        "line_number": 1079
      }
    ],
    "services/text-svc/tests/test_text_endpoints_extra.py": [
      {
        "type": "Base64 High Entropy String",
        "filename": "services/text-svc/tests/test_text_endpoints_extra.py",
        "hashed_secret": "31569063009fe93fa2fd207f850fc06db4011f03",
        "is_verified": false,
        "line_number": 102
      }
    ],
    "services/text-svc/tests/test_text_service_unit.py": [
      {
        "type": "Base64 High Entropy String",
        "filename": "services/text-svc/tests/test_text_service_unit.py",
        "hashed_secret": "31569063009fe93fa2fd207f850fc06db4011f03",
        "is_verified": false,
        "line_number": 411
      }
    ],
    "shared/tests/test_config_validation.py": [
      {
        "type": "Secret Keyword",
        "filename": "shared/tests/test_config_validation.py",
        "hashed_secret": "e5e9fa1ba31ecd1ae84f75caaa474f3a663f05f4",
        "is_verified": false,
        "line_number": 57
      }
    ],
    "shared/tests/test_jwt_hs256.py": [
      {
        "type": "Secret Keyword",
        "filename": "shared/tests/test_jwt_hs256.py",
        "hashed_secret": "b48e7e2d41ef71399a5e5f5e148051926e15cc11",
        "is_verified": false,
        "line_number": 12
      },
      {
        "type": "Secret Keyword",
        "filename": "shared/tests/test_jwt_hs256.py",
        "hashed_secret": "7deeb1b520a95d17eb2f4cf59b05d5c5f9e71e4d",
        "is_verified": false,
        "line_number": 58
      }
    ],
    "shared/tests/test_sentry.py": [
      {
        "type": "Secret Keyword",
        "filename": "shared/tests/test_sentry.py",
        "hashed_secret": "f3bbbd66a63d4bf1747940578ec3d0103530e21d",
        "is_verified": false,
        "line_number": 36
      }
    ]
  },
  "generated_at": "2026-07-20T07:07:59Z"
}
